// Vitest Snapshot v1, https://vitest.dev/guide/snapshot.html

exports[`sequence functions > sort > samples 1`] = `
[
  false,
  true,
  -100,
  1,
  2,
  "Albert",
  "albert",
  [],
  [
    0,
    1,
    2,
  ],
  [
    1,
    2,
    3,
  ],
  [
    0,
    0,
    0,
    0,
  ],
  {},
  {
    "a": 1,
  },
  {
    "^^re^^": true,
    "f": "",
    "s": "ABC",
    "sourceCodeInfo": undefined,
  },
  {
    "^^re^^": true,
    "f": "",
    "s": "abc",
    "sourceCodeInfo": undefined,
  },
  null,
]
`;
